Archive member included to satisfy reference by file (symbol)

c:/coocox-data/gcc-arm-none-eabi-5_4-2016q3-20160926-win32/bin/../lib/gcc/arm-none-eabi/5.4.1/../../../../arm-none-eabi/lib/armv7e-m\libg.a(lib_a-atoi.o)
                              ..\obj\main.o (atoi)
c:/coocox-data/gcc-arm-none-eabi-5_4-2016q3-20160926-win32/bin/../lib/gcc/arm-none-eabi/5.4.1/../../../../arm-none-eabi/lib/armv7e-m\libg.a(lib_a-strlen.o)
                              ..\obj\main.o (strlen)
c:/coocox-data/gcc-arm-none-eabi-5_4-2016q3-20160926-win32/bin/../lib/gcc/arm-none-eabi/5.4.1/../../../../arm-none-eabi/lib/armv7e-m\libg.a(lib_a-strtol.o)
                              c:/coocox-data/gcc-arm-none-eabi-5_4-2016q3-20160926-win32/bin/../lib/gcc/arm-none-eabi/5.4.1/../../../../arm-none-eabi/lib/armv7e-m\libg.a(lib_a-atoi.o) (_strtol_r)
c:/coocox-data/gcc-arm-none-eabi-5_4-2016q3-20160926-win32/bin/../lib/gcc/arm-none-eabi/5.4.1/../../../../arm-none-eabi/lib/armv7e-m\libg.a(lib_a-vsprintf.o)
                              ..\obj\main.o (vsprintf)
c:/coocox-data/gcc-arm-none-eabi-5_4-2016q3-20160926-win32/bin/../lib/gcc/arm-none-eabi/5.4.1/../../../../arm-none-eabi/lib/armv7e-m\libg.a(lib_a-impure.o)
                              c:/coocox-data/gcc-arm-none-eabi-5_4-2016q3-20160926-win32/bin/../lib/gcc/arm-none-eabi/5.4.1/../../../../arm-none-eabi/lib/armv7e-m\libg.a(lib_a-strtol.o) (_impure_ptr)
c:/coocox-data/gcc-arm-none-eabi-5_4-2016q3-20160926-win32/bin/../lib/gcc/arm-none-eabi/5.4.1/../../../../arm-none-eabi/lib/armv7e-m\libg.a(lib_a-locale.o)
                              c:/coocox-data/gcc-arm-none-eabi-5_4-2016q3-20160926-win32/bin/../lib/gcc/arm-none-eabi/5.4.1/../../../../arm-none-eabi/lib/armv7e-m\libg.a(lib_a-strtol.o) (__locale_ctype_ptr_l)
c:/coocox-data/gcc-arm-none-eabi-5_4-2016q3-20160926-win32/bin/../lib/gcc/arm-none-eabi/5.4.1/../../../../arm-none-eabi/lib/armv7e-m\libg.a(lib_a-mbtowc_r.o)
                              c:/coocox-data/gcc-arm-none-eabi-5_4-2016q3-20160926-win32/bin/../lib/gcc/arm-none-eabi/5.4.1/../../../../arm-none-eabi/lib/armv7e-m\libg.a(lib_a-locale.o) (__ascii_mbtowc)
c:/coocox-data/gcc-arm-none-eabi-5_4-2016q3-20160926-win32/bin/../lib/gcc/arm-none-eabi/5.4.1/../../../../arm-none-eabi/lib/armv7e-m\libg.a(lib_a-strcmp.o)
                              c:/coocox-data/gcc-arm-none-eabi-5_4-2016q3-20160926-win32/bin/../lib/gcc/arm-none-eabi/5.4.1/../../../../arm-none-eabi/lib/armv7e-m\libg.a(lib_a-locale.o) (strcmp)
c:/coocox-data/gcc-arm-none-eabi-5_4-2016q3-20160926-win32/bin/../lib/gcc/arm-none-eabi/5.4.1/../../../../arm-none-eabi/lib/armv7e-m\libg.a(lib_a-svfprintf.o)
                              c:/coocox-data/gcc-arm-none-eabi-5_4-2016q3-20160926-win32/bin/../lib/gcc/arm-none-eabi/5.4.1/../../../../arm-none-eabi/lib/armv7e-m\libg.a(lib_a-vsprintf.o) (_svfprintf_r)
c:/coocox-data/gcc-arm-none-eabi-5_4-2016q3-20160926-win32/bin/../lib/gcc/arm-none-eabi/5.4.1/../../../../arm-none-eabi/lib/armv7e-m\libg.a(lib_a-wctomb_r.o)
                              c:/coocox-data/gcc-arm-none-eabi-5_4-2016q3-20160926-win32/bin/../lib/gcc/arm-none-eabi/5.4.1/../../../../arm-none-eabi/lib/armv7e-m\libg.a(lib_a-locale.o) (__ascii_wctomb)
c:/coocox-data/gcc-arm-none-eabi-5_4-2016q3-20160926-win32/bin/../lib/gcc/arm-none-eabi/5.4.1/../../../../arm-none-eabi/lib/armv7e-m\libg.a(lib_a-ctype_.o)
                              c:/coocox-data/gcc-arm-none-eabi-5_4-2016q3-20160926-win32/bin/../lib/gcc/arm-none-eabi/5.4.1/../../../../arm-none-eabi/lib/armv7e-m\libg.a(lib_a-locale.o) (_ctype_)
c:/coocox-data/gcc-arm-none-eabi-5_4-2016q3-20160926-win32/bin/../lib/gcc/arm-none-eabi/5.4.1/../../../../arm-none-eabi/lib/armv7e-m\libg.a(lib_a-dtoa.o)
                              c:/coocox-data/gcc-arm-none-eabi-5_4-2016q3-20160926-win32/bin/../lib/gcc/arm-none-eabi/5.4.1/../../../../arm-none-eabi/lib/armv7e-m\libg.a(lib_a-svfprintf.o) (_dtoa_r)
c:/coocox-data/gcc-arm-none-eabi-5_4-2016q3-20160926-win32/bin/../lib/gcc/arm-none-eabi/5.4.1/../../../../arm-none-eabi/lib/armv7e-m\libg.a(lib_a-localeconv.o)
                              c:/coocox-data/gcc-arm-none-eabi-5_4-2016q3-20160926-win32/bin/../lib/gcc/arm-none-eabi/5.4.1/../../../../arm-none-eabi/lib/armv7e-m\libg.a(lib_a-svfprintf.o) (_localeconv_r)
c:/coocox-data/gcc-arm-none-eabi-5_4-2016q3-20160926-win32/bin/../lib/gcc/arm-none-eabi/5.4.1/../../../../arm-none-eabi/lib/armv7e-m\libg.a(lib_a-mallocr.o)
                              c:/coocox-data/gcc-arm-none-eabi-5_4-2016q3-20160926-win32/bin/../lib/gcc/arm-none-eabi/5.4.1/../../../../arm-none-eabi/lib/armv7e-m\libg.a(lib_a-svfprintf.o) (_malloc_r)
c:/coocox-data/gcc-arm-none-eabi-5_4-2016q3-20160926-win32/bin/../lib/gcc/arm-none-eabi/5.4.1/../../../../arm-none-eabi/lib/armv7e-m\libg.a(lib_a-memchr.o)
                              c:/coocox-data/gcc-arm-none-eabi-5_4-2016q3-20160926-win32/bin/../lib/gcc/arm-none-eabi/5.4.1/../../../../arm-none-eabi/lib/armv7e-m\libg.a(lib_a-svfprintf.o) (memchr)
[...]
Memory Configuration

Name             Origin             Length             Attributes
rom              0x08000000         0x00100000         xr
ram              0x20000000         0x00020000         xrw
ram1             0x10000000         0x00010000         xrw
*default*        0x00000000         0xffffffff

Linker script and memory map

                0x20020000                _eram = 0x20020000

.text           0x08000000     0x7018
 *(.isr_vector)
 .isr_vector    0x08000000      0x188 ..\obj\startup_stm32f4xx.o
                0x08000000                g_pfnVectors
 *(.text*)
 .text.USART_Init
                0x08000188      0x174 ..\obj\stm32f4xx_usart.o
                0x08000188                USART_Init
 .text.USART_Cmd
                0x080002fc       0x40 ..\obj\stm32f4xx_usart.o
                0x080002fc                USART_Cmd
 .text.USART_SendData
                0x0800033c       0x24 ..\obj\stm32f4xx_usart.o
                0x0800033c                USART_SendData
 .text.USART_ReceiveData
                0x08000360       0x20 ..\obj\stm32f4xx_usart.o
                0x08000360                USART_ReceiveData
 .text.USART_ITConfig
                0x08000380       0x90 ..\obj\stm32f4xx_usart.o
                0x08000380                USART_ITConfig
 .text.USART_GetITStatus
                0x08000410       0xb4 ..\obj\stm32f4xx_usart.o
                0x08000410                USART_GetITStatus
 .text.Default_Reset_Handler
                0x080004c4       0x60 ..\obj\startup_stm32f4xx.o
                0x080004c4                Default_Reset_Handler
                0x080004c4                Reset_Handler
 .text.Default_Handler
                0x08000524        0x8 ..\obj\startup_stm32f4xx.o
                0x08000524                RTC_Alarm_IRQHandler
                0x08000524                HASH_RNG_IRQHandler
                0x08000524                EXTI2_IRQHandler
                0x08000524                TIM8_CC_IRQHandler
                0x08000524                DebugMon_Handler
                0x08000524                TIM1_CC_IRQHandler
                0x08000524                DMA2_Stream5_IRQHandler
                0x08000524                HardFault_Handler
                0x08000524                DMA1_Stream5_IRQHandler
                0x08000524                SysTick_Handler
                0x08000524                PVD_IRQHandler
                0x08000524                SDIO_IRQHandler
                0x08000524                TAMP_STAMP_IRQHandler
                0x08000524                PendSV_Handler
                0x08000524                NMI_Handler
                0x08000524                CAN2_RX1_IRQHandler
                0x08000524                EXTI3_IRQHandler
                0x08000524                TIM8_TRG_COM_TIM14_IRQHandler
                0x08000524                TIM1_UP_TIM10_IRQHandler
                0x08000524                TIM8_UP_TIM13_IRQHandler
                0x08000524                I2C3_ER_IRQHandler
                0x08000524                EXTI0_IRQHandler
                0x08000524                I2C2_EV_IRQHandler
                0x08000524                DMA1_Stream2_IRQHandler
                0x08000524                CAN1_RX0_IRQHandler
                0x08000524                FPU_IRQHandler
                0x08000524                OTG_HS_WKUP_IRQHandler
                0x08000524                UsageFault_Handler
                0x08000524                CAN2_SCE_IRQHandler
                0x08000524                DMA2_Stream2_IRQHandler
                0x08000524                SPI1_IRQHandler
                0x08000524                TIM6_DAC_IRQHandler
                0x08000524                TIM1_BRK_TIM9_IRQHandler
                0x08000524                DCMI_IRQHandler
                0x08000524                CAN2_RX0_IRQHandler
                0x08000524                DMA2_Stream3_IRQHandler
                0x08000524                USART6_IRQHandler
                0x08000524                USART3_IRQHandler
                0x08000524                CRYP_IRQHandler
                0x08000524                CAN1_RX1_IRQHandler
                0x08000524                UART5_IRQHandler
                0x08000524                DMA2_Stream0_IRQHandler
                0x08000524                TIM4_IRQHandler
                0x08000524                I2C1_EV_IRQHandler
                0x08000524                DMA1_Stream6_IRQHandler
                0x08000524                DMA1_Stream1_IRQHandler
                0x08000524                UART4_IRQHandler
                0x08000524                TIM3_IRQHandler
                0x08000524                RCC_IRQHandler
                0x08000524                TIM8_BRK_TIM12_IRQHandler
                0x08000524                EXTI15_10_IRQHandler
                0x08000524                ADC_IRQHandler
                0x08000524                DMA1_Stream7_IRQHandler
                0x08000524                TIM7_IRQHandler
                0x08000524                CAN2_TX_IRQHandler
                0x08000524                TIM5_IRQHandler
                0x08000524                DMA2_Stream7_IRQHandler
                0x08000524                I2C3_EV_IRQHandler
                0x08000524                EXTI9_5_IRQHandler
                0x08000524                RTC_WKUP_IRQHandler
                0x08000524                ETH_WKUP_IRQHandler
                0x08000524                SPI2_IRQHandler
                0x08000524                OTG_HS_EP1_IN_IRQHandler
                0x08000524                MemManage_Handler
                0x08000524                DMA1_Stream0_IRQHandler
                0x08000524                CAN1_TX_IRQHandler
                0x08000524                SVC_Handler
                0x08000524                EXTI4_IRQHandler
                0x08000524                FSMC_IRQHandler
                0x08000524                ETH_IRQHandler
                0x08000524                OTG_HS_EP1_OUT_IRQHandler
                0x08000524                WWDG_IRQHandler
                0x08000524                OTG_FS_WKUP_IRQHandler
                0x08000524                TIM1_TRG_COM_TIM11_IRQHandler
                0x08000524                OTG_HS_IRQHandler
                0x08000524                EXTI1_IRQHandler
                0x08000524                USART2_IRQHandler
                0x08000524                I2C2_ER_IRQHandler
                0x08000524                DMA2_Stream1_IRQHandler
                0x08000524                CAN1_SCE_IRQHandler
                0x08000524                FLASH_IRQHandler
                0x08000524                DMA2_Stream4_IRQHandler
                0x08000524                BusFault_Handler
                0x08000524                OTG_FS_IRQHandler
                0x08000524                SPI3_IRQHandler
                0x08000524                I2C1_ER_IRQHandler
                0x08000524                DMA2_Stream6_IRQHandler
                0x08000524                DMA1_Stream3_IRQHandler
 .text.ws2812_Init_gpio
                0x0800052c       0x48 ..\obj\main.o
                0x0800052c                ws2812_Init_gpio
 .text.ws2812_Init_tim
                0x08000574       0x6c ..\obj\main.o
                0x08000574                ws2812_Init_tim
 .text.ws2812_Init_dma
                0x080005e0       0x7c ..\obj\main.o
                0x080005e0                ws2812_Init_dma
 .text.DMA1_Stream4_IRQHandler
                0x0800065c       0x44 ..\obj\main.o
                0x0800065c                DMA1_Stream4_IRQHandler
 .text.ws2812_DMA_Start
                0x080006a0       0x38 ..\obj\main.o
                0x080006a0                ws2812_DMA_Start
 .text.ws2812_Init_nvic
                0x080006d8       0x38 ..\obj\main.o
                0x080006d8                ws2812_Init_nvic
 .text.ws2812_SetChannel
                0x08000710       0x44 ..\obj\main.o
                0x08000710                ws2812_SetChannel
 .text.ws2812_Fill_Timer_Buf
                0x08000754      0x164 ..\obj\main.o
                0x08000754                ws2812_Fill_Timer_Buf
 .text.ws2812_Refresh
                0x080008b8       0x20 ..\obj\main.o
                0x080008b8                ws2812_Refresh
 .text.ws2812_All_LED_RGB
                0x080008d8       0x48 ..\obj\main.o
                0x080008d8                ws2812_All_LED_RGB
 .text.ws2812_One_LED_RGB
                0x08000920       0x3c ..\obj\main.o
                0x08000920                ws2812_One_LED_RGB
 .text.ws2812_Reset_LEDs
                0x0800095c       0x44 ..\obj\main.o
                0x0800095c                ws2812_Reset_LEDs
 .text.ws2812_Init
                0x080009a0       0xbc ..\obj\main.o
                0x080009a0                ws2812_Init
 .text.usart_Init_gpio
                0x08000a5c       0x4c ..\obj\main.o
                0x08000a5c                usart_Init_gpio
 .text.usart_Init_usart
                0x08000aa8       0x6c ..\obj\main.o
                0x08000aa8                usart_Init_usart
 .text.USART1_IRQHandler
                0x08000b14       0xf0 ..\obj\main.o
                0x08000b14                USART1_IRQHandler
 .text.usart_uSend
                0x08000c04       0xf0 ..\obj\main.o
                0x08000c04                usart_uSend
 .text.usart_Get_Char
                0x08000cf4       0x50 ..\obj\main.o
                0x08000cf4                usart_Get_Char
 .text.c_Command_Help
                0x08000d44       0x44 ..\obj\main.o
                0x08000d44                c_Command_Help
 .text.c_Command_Off
                0x08000d88       0x3c ..\obj\main.o
                0x08000d88                c_Command_Off
 .text.c_Command_Blue
                0x08000dc4       0x44 ..\obj\main.o
                0x08000dc4                c_Command_Blue
 .text.c_Command_Green
                0x08000e08       0x4c ..\obj\main.o
                0x08000e08                c_Command_Green
 .text.c_Command_Red
                0x08000e54       0x3c ..\obj\main.o
                0x08000e54                c_Command_Red
 .text.Init_led
                0x08000e90       0x3c ..\obj\main.o
                0x08000e90                Init_led
 .text.Init_button
                0x08000ecc       0x38 ..\obj\main.o
                0x08000ecc                Init_button
 .text.Init_all
                0x08000f04       0x34 ..\obj\main.o
                0x08000f04                Init_all
 .text.TIM2_IRQHandler
                0x08000f38       0x50 ..\obj\main.o
                0x08000f38                TIM2_IRQHandler
 .text.p_Clear_Buff_And_Frame
                0x08000f88       0xb8 ..\obj\main.o
                0x08000f88                p_Clear_Buff_And_Frame
 .text.p_Check_Frame_Content
                0x08001040      0x200 ..\obj\main.o
                0x08001040                p_Check_Frame_Content
 .text.p_Protocol
                0x08001240       0x90 ..\obj\main.o
                0x08001240                p_Protocol
 .text.main     0x080012d0       0xdc ..\obj\main.o
                0x080012d0                main
 .text.RCC_GetClocksFreq
                0x080013ac      0x154 ..\obj\stm32f4xx_rcc.o
                0x080013ac                RCC_GetClocksFreq
 .text.RCC_AHB1PeriphClockCmd
                0x08001500       0x3c ..\obj\stm32f4xx_rcc.o
                0x08001500                RCC_AHB1PeriphClockCmd
 .text.RCC_APB1PeriphClockCmd
                0x0800153c       0x3c ..\obj\stm32f4xx_rcc.o
                0x0800153c                RCC_APB1PeriphClockCmd
 .text.RCC_APB2PeriphClockCmd
                0x08001578       0x3c ..\obj\stm32f4xx_rcc.o
                0x08001578                RCC_APB2PeriphClockCmd
 .text.GPIO_Init
                0x080015b4      0x11c ..\obj\stm32f4xx_gpio.o
                0x080015b4                GPIO_Init
 .text.GPIO_SetBits
                0x080016d0       0x1c ..\obj\stm32f4xx_gpio.o
                0x080016d0                GPIO_SetBits
 .text.GPIO_ResetBits
                0x080016ec       0x1c ..\obj\stm32f4xx_gpio.o
                0x080016ec                GPIO_ResetBits
 .text.GPIO_ToggleBits
                0x08001708       0x24 ..\obj\stm32f4xx_gpio.o
                0x08001708                GPIO_ToggleBits
 .text.GPIO_PinAFConfig
                0x0800172c       0x90 ..\obj\stm32f4xx_gpio.o
                0x0800172c                GPIO_PinAFConfig
 .text.SystemInit
                0x080017bc       0x5c ..\obj\system_stm32f4xx.o
                0x080017bc                SystemInit
 .text.SetSysClock
                0x08001818       0xf4 ..\obj\system_stm32f4xx.o
 .text._sbrk    0x0800190c       0x3c ..\obj\syscalls.o
                0x0800190c                _sbrk
 .text.DMA_DeInit
                0x08001948      0x1a4 ..\obj\stm32f4xx_dma.o
                0x08001948                DMA_DeInit
 .text.DMA_Init
                0x08001aec       0xac ..\obj\stm32f4xx_dma.o
                0x08001aec                DMA_Init
 .text.DMA_Cmd  0x08001b98       0x38 ..\obj\stm32f4xx_dma.o
                0x08001b98                DMA_Cmd
 .text.DMA_ITConfig
                0x08001bd0       0x74 ..\obj\stm32f4xx_dma.o
                0x08001bd0                DMA_ITConfig
 .text.DMA_GetITStatus
                0x08001c44       0xac ..\obj\stm32f4xx_dma.o
                0x08001c44                DMA_GetITStatus
 .text.DMA_ClearITPendingBit
                0x08001cf0       0x5c ..\obj\stm32f4xx_dma.o
                0x08001cf0                DMA_ClearITPendingBit
 .text.NVIC_Init
                0x08001d4c       0xc0 ..\obj\misc.o
                0x08001d4c                NVIC_Init
 .text.TIM_TimeBaseInit
                0x08001e0c       0xd4 ..\obj\stm32f4xx_tim.o
                0x08001e0c                TIM_TimeBaseInit
 .text.TIM_ARRPreloadConfig
                0x08001ee0       0x40 ..\obj\stm32f4xx_tim.o
                0x08001ee0                TIM_ARRPreloadConfig
 .text.TIM_Cmd  0x08001f20       0x40 ..\obj\stm32f4xx_tim.o
                0x08001f20                TIM_Cmd
 .text.TIM_OC1Init
                0x08001f60       0xf4 ..\obj\stm32f4xx_tim.o
                0x08001f60                TIM_OC1Init
 .text.TIM_OC1PreloadConfig
                0x08002054       0x38 ..\obj\stm32f4xx_tim.o
                0x08002054                TIM_OC1PreloadConfig
 .text.TIM_GetITStatus
                0x0800208c       0x54 ..\obj\stm32f4xx_tim.o
                0x0800208c                TIM_GetITStatus
 .text.TIM_ClearITPendingBit
                0x080020e0       0x20 ..\obj\stm32f4xx_tim.o
                0x080020e0                TIM_ClearITPendingBit
 .text.TIM_DMACmd
                0x08002100       0x48 ..\obj\stm32f4xx_tim.o
                0x08002100                TIM_DMACmd
 *fill*         0x08002148       0x38 
 .text          0x08002180       0xdc c:/coocox-data/gcc-arm-none-eabi-5_4-2016q3-20160926-win32/bin/../lib/gcc/arm-none-eabi/5.4.1/../../../../arm-none-eabi/lib/armv7e-m\libg.a(lib_a-strlen.o)
                0x08002180                strlen
 .text._vsprintf_r
                0x0800225c       0x34 c:/coocox-data/gcc-arm-none-eabi-5_4-2016q3-20160926-win32/bin/../lib/gcc/arm-none-eabi/5.4.1/../../../../arm-none-eabi/lib/armv7e-m\libg.a(lib_a-vsprintf.o)
                0x0800225c                _vsprintf_r
 .text.vsprintf
                0x08002290       0x18 c:/coocox-data/gcc-arm-none-eabi-5_4-2016q3-20160926-win32/bin/../lib/gcc/arm-none-eabi/5.4.1/../../../../arm-none-eabi/lib/armv7e-m\libg.a(lib_a-vsprintf.o)
                0x08002290                vsprintf
 .text.__ascii_mbtowc
                0x080022a8       0x2c c:/coocox-data/gcc-arm-none-eabi-5_4-2016q3-20160926-win32/bin/../lib/gcc/arm-none-eabi/5.4.1/../../../../arm-none-eabi/lib/armv7e-m\libg.a(lib_a-mbtowc_r.o)
                0x080022a8                __ascii_mbtowc
 .text._svfprintf_r
                0x080022d4     0x16b0 c:/coocox-data/gcc-arm-none-eabi-5_4-2016q3-20160926-win32/bin/../lib/gcc/arm-none-eabi/5.4.1/../../../../arm-none-eabi/lib/armv7e-m\libg.a(lib_a-svfprintf.o)
                0x080022d4                _svfprintf_r
 .text.__ascii_wctomb
                0x08003984       0x1c c:/coocox-data/gcc-arm-none-eabi-5_4-2016q3-20160926-win32/bin/../lib/gcc/arm-none-eabi/5.4.1/../../../../arm-none-eabi/lib/armv7e-m\libg.a(lib_a-wctomb_r.o)
                0x08003984                __ascii_wctomb
 .text.quorem   0x080039a0      0x128 c:/coocox-data/gcc-arm-none-eabi-5_4-2016q3-20160926-win32/bin/../lib/gcc/arm-none-eabi/5.4.1/../../../../arm-none-eabi/lib/armv7e-m\libg.a(lib_a-dtoa.o)
 .text._dtoa_r  0x08003ac8      0xe58 c:/coocox-data/gcc-arm-none-eabi-5_4-2016q3-20160926-win32/bin/../lib/gcc/arm-none-eabi/5.4.1/../../../../arm-none-eabi/lib/armv7e-m\libg.a(lib_a-dtoa.o)
                0x08003ac8                _dtoa_r
 .text._localeconv_r
                0x08004920       0x1c c:/coocox-data/gcc-arm-none-eabi-5_4-2016q3-20160926-win32/bin/../lib/gcc/arm-none-eabi/5.4.1/../../../../arm-none-eabi/lib/armv7e-m\libg.a(lib_a-localeconv.o)
                0x08004920                _localeconv_r
 .text._malloc_r
                0x0800493c      0x570 c:/coocox-data/gcc-arm-none-eabi-5_4-2016q3-20160926-win32/bin/../lib/gcc/arm-none-eabi/5.4.1/../../../../arm-none-eabi/lib/armv7e-m\libg.a(lib_a-mallocr.o)
                0x0800493c                _malloc_r
 *fill*         0x08004eac        0x4 
 .text          0x08004eb0       0xa0 c:/coocox-data/gcc-arm-none-eabi-5_4-2016q3-20160926-win32/bin/../lib/gcc/arm-none-eabi/5.4.1/../../../../arm-none-eabi/lib/armv7e-m\libg.a(lib_a-memchr.o)
                0x08004eb0                memchr
 .text          0x08004f50      0x134 c:/coocox-data/gcc-arm-none-eabi-5_4-2016q3-20160926-win32/bin/../lib/gcc/arm-none-eabi/5.4.1/../../../../arm-none-eabi/lib/armv7e-m\libg.a(lib_a-memcpy.o)
                0x08004f50                memcpy
 .text.__malloc_lock
                0x08005084        0x4 c:/coocox-data/gcc-arm-none-eabi-5_4-2016q3-20160926-win32/bin/../lib/gcc/arm-none-eabi/5.4.1/../../../../arm-none-eabi/lib/armv7e-m\libg.a(lib_a-mlock.o)
                0x08005084                __malloc_lock
 .text.__malloc_unlock
                0x08005088        0x4 c:/coocox-data/gcc-arm-none-eabi-5_4-2016q3-20160926-win32/bin/../lib/gcc/arm-none-eabi/5.4.1/../../../../arm-none-eabi/lib/armv7e-m\libg.a(lib_a-mlock.o)
                0x08005088                __malloc_unlock
 .text._Balloc  0x0800508c       0x4c c:/coocox-data/gcc-arm-none-eabi-5_4-2016q3-20160926-win32/bin/../lib/gcc/arm-none-eabi/5.4.1/../../../../arm-none-eabi/lib/armv7e-m\libg.a(lib_a-mprec.o)
                0x0800508c                _Balloc
 .text._Bfree   0x080050d8       0x14 c:/coocox-data/gcc-arm-none-eabi-5_4-2016q3-20160926-win32/bin/../lib/gcc/arm-none-eabi/5.4.1/../../../../arm-none-eabi/lib/armv7e-m\libg.a(lib_a-mprec.o)
                0x080050d8                _Bfree
 .text.__multadd
                0x080050ec       0x80 c:/coocox-data/gcc-arm-none-eabi-5_4-2016q3-20160926-win32/bin/../lib/gcc/arm-none-eabi/5.4.1/../../../../arm-none-eabi/lib/armv7e-m\libg.a(lib_a-mprec.o)
                0x080050ec                __multadd
 .text.__hi0bits
                0x0800516c       0x40 c:/coocox-data/gcc-arm-none-eabi-5_4-2016q3-20160926-win32/bin/../lib/gcc/arm-none-eabi/5.4.1/../../../../arm-none-eabi/lib/armv7e-m\libg.a(lib_a-mprec.o)
                0x0800516c                __hi0bits
 .text.__lo0bits
                0x080051ac       0x5c c:/coocox-data/gcc-arm-none-eabi-5_4-2016q3-20160926-win32/bin/../lib/gcc/arm-none-eabi/5.4.1/../../../../arm-none-eabi/lib/armv7e-m\libg.a(lib_a-mprec.o)
                0x080051ac                __lo0bits
 .text.__i2b    0x08005208       0x14 c:/coocox-data/gcc-arm-none-eabi-5_4-2016q3-20160926-win32/bin/../lib/gcc/arm-none-eabi/5.4.1/../../../../arm-none-eabi/lib/armv7e-m\libg.a(lib_a-mprec.o)
                0x08005208                __i2b
 .text.__multiply
                0x0800521c      0x130 c:/coocox-data/gcc-arm-none-eabi-5_4-2016q3-20160926-win32/bin/../lib/gcc/arm-none-eabi/5.4.1/../../../../arm-none-eabi/lib/armv7e-m\libg.a(lib_a-mprec.o)
                0x0800521c                __multiply
 .text.__pow5mult
                0x0800534c       0xa0 c:/coocox-data/gcc-arm-none-eabi-5_4-2016q3-20160926-win32/bin/../lib/gcc/arm-none-eabi/5.4.1/../../../../arm-none-eabi/lib/armv7e-m\libg.a(lib_a-mprec.o)
                0x0800534c                __pow5mult
 .text.__lshift
                0x080053ec       0xb0 c:/coocox-data/gcc-arm-none-eabi-5_4-2016q3-20160926-win32/bin/../lib/gcc/arm-none-eabi/5.4.1/../../../../arm-none-eabi/lib/armv7e-m\libg.a(lib_a-mprec.o)
                0x080053ec                __lshift
 .text.__mcmp   0x0800549c       0x40 c:/coocox-data/gcc-arm-none-eabi-5_4-2016q3-20160926-win32/bin/../lib/gcc/arm-none-eabi/5.4.1/../../../../arm-none-eabi/lib/armv7e-m\libg.a(lib_a-mprec.o)
                0x0800549c                __mcmp
 .text.__mdiff  0x080054dc      0x114 c:/coocox-data/gcc-arm-none-eabi-5_4-2016q3-20160926-win32/bin/../lib/gcc/arm-none-eabi/5.4.1/../../../../arm-none-eabi/lib/armv7e-m\libg.a(lib_a-mprec.o)
                0x080054dc                __mdiff
 .text.__d2b    0x080055f0       0xb8 c:/coocox-data/gcc-arm-none-eabi-5_4-2016q3-20160926-win32/bin/../lib/gcc/arm-none-eabi/5.4.1/../../../../arm-none-eabi/lib/armv7e-m\libg.a(lib_a-mprec.o)
                0x080055f0                __d2b
 .text._sbrk_r  0x080056a8       0x24 c:/coocox-data/gcc-arm-none-eabi-5_4-2016q3-20160926-win32/bin/../lib/gcc/arm-none-eabi/5.4.1/../../../../arm-none-eabi/lib/armv7e-m\libg.a(lib_a-sbrkr.o)
                0x080056a8                _sbrk_r
 .text.__ssprint_r
                0x080056cc      0x100 c:/coocox-data/gcc-arm-none-eabi-5_4-2016q3-20160926-win32/bin/../lib/gcc/arm-none-eabi/5.4.1/../../../../arm-none-eabi/lib/armv7e-m\libg.a(lib_a-svfiprintf.o)
                0x080056cc                __ssprint_r
 .text._calloc_r
                0x080057cc       0x60 c:/coocox-data/gcc-arm-none-eabi-5_4-2016q3-20160926-win32/bin/../lib/gcc/arm-none-eabi/5.4.1/../../../../arm-none-eabi/lib/armv7e-m\libg.a(lib_a-callocr.o)
                0x080057cc                _calloc_r
 .text._malloc_trim_r
                0x0800582c       0x9c c:/coocox-data/gcc-arm-none-eabi-5_4-2016q3-20160926-win32/bin/../lib/gcc/arm-none-eabi/5.4.1/../../../../arm-none-eabi/lib/armv7e-m\libg.a(lib_a-freer.o)
                0x0800582c                _malloc_trim_r
 .text._free_r  0x080058c8      0x1d0 c:/coocox-data/gcc-arm-none-eabi-5_4-2016q3-20160926-win32/bin/../lib/gcc/arm-none-eabi/5.4.1/../../../../arm-none-eabi/lib/armv7e-m\libg.a(lib_a-freer.o)
                0x080058c8                _free_r
 .text.memmove  0x08005a98       0xc8 c:/coocox-data/gcc-arm-none-eabi-5_4-2016q3-20160926-win32/bin/../lib/gcc/arm-none-eabi/5.4.1/../../../../arm-none-eabi/lib/armv7e-m\libg.a(lib_a-memmove.o)
                0x08005a98                memmove
 .text.memset   0x08005b60       0x9c c:/coocox-data/gcc-arm-none-eabi-5_4-2016q3-20160926-win32/bin/../lib/gcc/arm-none-eabi/5.4.1/../../../../arm-none-eabi/lib/armv7e-m\libg.a(lib_a-memset.o)
                0x08005b60                memset
 .text._realloc_r
                0x08005bfc      0x3e0 c:/coocox-data/gcc-arm-none-eabi-5_4-2016q3-20160926-win32/bin/../lib/gcc/arm-none-eabi/5.4.1/../../../../arm-none-eabi/lib/armv7e-m\libg.a(lib_a-reallocr.o)
                0x08005bfc                _realloc_r
 .text          0x08005fdc      0x370 c:/coocox-data/gcc-arm-none-eabi-5_4-2016q3-20160926-win32/bin/../lib/gcc/arm-none-eabi/5.4.1/armv7e-m\libgcc.a(_arm_addsubdf3.o)
                0x08005fdc                __aeabi_drsub
                0x08005fe4                __aeabi_dsub
                0x08005fe4                __subdf3
                0x08005fe8                __aeabi_dadd
                0x08005fe8                __adddf3
                0x08006260                __floatunsidf
                0x08006260                __aeabi_ui2d
                0x08006280                __floatsidf
                0x08006280                __aeabi_i2d
                0x080062a4                __aeabi_f2d
                0x080062a4                __extendsfdf2
                0x080062e0                __floatundidf
                0x080062e0                __aeabi_ul2d
                0x080062f0                __floatdidf
                0x080062f0                __aeabi_l2d
 .text          0x0800634c      0x424 c:/coocox-data/gcc-arm-none-eabi-5_4-2016q3-20160926-win32/bin/../lib/gcc/arm-none-eabi/5.4.1/armv7e-m\libgcc.a(_arm_muldivdf3.o)
                0x0800634c                __aeabi_dmul
                0x0800634c                __muldf3
                0x080065a0                __divdf3
                0x080065a0                __aeabi_ddiv
 .text          0x08006770      0x110 c:/coocox-data/gcc-arm-none-eabi-5_4-2016q3-20160926-win32/bin/../lib/gcc/arm-none-eabi/5.4.1/armv7e-m\libgcc.a(_arm_cmpdf2.o)
                0x08006770                __gtdf2
                0x08006770                __gedf2
                0x08006778                __ltdf2
                0x08006778                __ledf2
                0x08006780                __nedf2
                0x08006780                __eqdf2
                0x08006780                __cmpdf2
                0x080067fc                __aeabi_cdrcmple
                0x0800680c                __aeabi_cdcmpeq
                0x0800680c                __aeabi_cdcmple
                0x0800681c                __aeabi_dcmpeq
                0x08006830                __aeabi_dcmplt
                0x08006844                __aeabi_dcmple
                0x08006858                __aeabi_dcmpge
                0x0800686c                __aeabi_dcmpgt
 .text          0x08006880       0x2c c:/coocox-data/gcc-arm-none-eabi-5_4-2016q3-20160926-win32/bin/../lib/gcc/arm-none-eabi/5.4.1/armv7e-m\libgcc.a(_arm_unorddf2.o)
                0x08006880                __unorddf2
                0x08006880                __aeabi_dcmpun
 .text          0x080068ac       0x50 c:/coocox-data/gcc-arm-none-eabi-5_4-2016q3-20160926-win32/bin/../lib/gcc/arm-none-eabi/5.4.1/armv7e-m\libgcc.a(_arm_fixdfsi.o)
                0x080068ac                __aeabi_d2iz
                0x080068ac                __fixdfsi
 .text          0x080068fc       0x30 c:/coocox-data/gcc-arm-none-eabi-5_4-2016q3-20160926-win32/bin/../lib/gcc/arm-none-eabi/5.4.1/armv7e-m\libgcc.a(_aeabi_uldivmod.o)
                0x080068fc                __aeabi_uldivmod
 .text          0x0800692c      0x2e4 c:/coocox-data/gcc-arm-none-eabi-5_4-2016q3-20160926-win32/bin/../lib/gcc/arm-none-eabi/5.4.1/armv7e-m\libgcc.a(_udivmoddi4.o)
                0x0800692c                __udivmoddi4
 .text          0x08006c10        0x4 c:/coocox-data/gcc-arm-none-eabi-5_4-2016q3-20160926-win32/bin/../lib/gcc/arm-none-eabi/5.4.1/armv7e-m\libgcc.a(_dvmd_tls.o)
                0x08006c10                __aeabi_idiv0
                0x08006c10                __aeabi_ldiv0
 *(.init)
 *(.fini)
 *crtbegin.o(.ctors)
 *crtbegin?.o(.ctors)
 *(EXCLUDE_FILE(*crtend.o *crtend?.o) .ctors)
 *(SORT(.ctors.*))
 *(.ctors)
 *crtbegin.o(.dtors)
 *crtbegin?.o(.dtors)
 *(EXCLUDE_FILE(*crtend.o *crtend?.o) .dtors)
 *(SORT(.dtors.*))
 *(.dtors)
 *(.rodata*)
 .rodata        0x08006c14      0x177 ..\obj\main.o
 *fill*         0x08006d8b        0x1 
 .rodata.str1.4
                0x08006d8c        0xe c:/coocox-data/gcc-arm-none-eabi-5_4-2016q3-20160926-win32/bin/../lib/gcc/arm-none-eabi/5.4.1/../../../../arm-none-eabi/lib/armv7e-m\libg.a(lib_a-locale.o)
                                 0x12 (size before relaxing)
 *fill*         0x08006d9a        0x2 
 .rodata.zeroes.7256
                0x08006d9c       0x10 c:/coocox-data/gcc-arm-none-eabi-5_4-2016q3-20160926-win32/bin/../lib/gcc/arm-none-eabi/5.4.1/../../../../arm-none-eabi/lib/armv7e-m\libg.a(lib_a-svfprintf.o)
 .rodata.str1.4
                0x08006dac       0x42 c:/coocox-data/gcc-arm-none-eabi-5_4-2016q3-20160926-win32/bin/../lib/gcc/arm-none-eabi/5.4.1/../../../../arm-none-eabi/lib/armv7e-m\libg.a(lib_a-svfprintf.o)
 *fill*         0x08006dee        0x2 
 .rodata.blanks.7255
                0x08006df0       0x10 c:/coocox-data/gcc-arm-none-eabi-5_4-2016q3-20160926-win32/bin/../lib/gcc/arm-none-eabi/5.4.1/../../../../arm-none-eabi/lib/armv7e-m\libg.a(lib_a-svfprintf.o)
 .rodata._ctype_
                0x08006e00      0x101 c:/coocox-data/gcc-arm-none-eabi-5_4-2016q3-20160926-win32/bin/../lib/gcc/arm-none-eabi/5.4.1/../../../../arm-none-eabi/lib/armv7e-m\libg.a(lib_a-ctype_.o)
                0x08006e00                _ctype_
 *fill*         0x08006f01        0x3 
 .rodata.str1.4
                0x08006f04       0x10 c:/coocox-data/gcc-arm-none-eabi-5_4-2016q3-20160926-win32/bin/../lib/gcc/arm-none-eabi/5.4.1/../../../../arm-none-eabi/lib/armv7e-m\libg.a(lib_a-dtoa.o)
                                 0x12 (size before relaxing)
 *fill*         0x08006f14        0x4 
 .rodata.__mprec_tens
                0x08006f18       0xc8 c:/coocox-data/gcc-arm-none-eabi-5_4-2016q3-20160926-win32/bin/../lib/gcc/arm-none-eabi/5.4.1/../../../../arm-none-eabi/lib/armv7e-m\libg.a(lib_a-mprec.o)
                0x08006f18                __mprec_tens
 .rodata.p05.6085
                0x08006fe0        0xc c:/coocox-data/gcc-arm-none-eabi-5_4-2016q3-20160926-win32/bin/../lib/gcc/arm-none-eabi/5.4.1/../../../../arm-none-eabi/lib/armv7e-m\libg.a(lib_a-mprec.o)
 *fill*         0x08006fec        0x4 
 .rodata.__mprec_bigtens
                0x08006ff0       0x28 c:/coocox-data/gcc-arm-none-eabi-5_4-2016q3-20160926-win32/bin/../lib/gcc/arm-none-eabi/5.4.1/../../../../arm-none-eabi/lib/armv7e-m\libg.a(lib_a-mprec.o)
                0x08006ff0                __mprec_bigtens
 *(.eh_fram e*)

.glue_7         0x08007018        0x0
 .glue_7        0x08007018        0x0 linker stubs

.glue_7t        0x08007018        0x0
 .glue_7t       0x08007018        0x0 linker stubs

.vfp11_veneer   0x08007018        0x0
 .vfp11_veneer  0x08007018        0x0 linker stubs

.v4_bx          0x08007018        0x0
 .v4_bx         0x08007018        0x0 linker stubs

.iplt           0x08007018        0x0
 .iplt          0x08007018        0x0 ..\obj\stm32f4xx_usart.o

.ARM.extab
 *(.ARM.extab* .gnu.linkonce.armextab.*)
                0x08007018                __exidx_start = .

.ARM.exidx      0x08007018        0x8
 *(.ARM.exidx* .gnu.linkonce.armexidx.*)
 .ARM.exidx     0x08007018        0x8 c:/coocox-data/gcc-arm-none-eabi-5_4-2016q3-20160926-win32/bin/../lib/gcc/arm-none-eabi/5.4.1/armv7e-m\libgcc.a(_udivmoddi4.o)
                0x08007020                __exidx_end = .
                0x08007020                __etext = .
                0x08007020                _sidata = __etext

.rel.dyn        0x08007020        0x0
 .rel.iplt      0x08007020        0x0 ..\obj\stm32f4xx_usart.o

.data           0x20000000      0x9b8 load address 0x08007020
                0x20000000                __data_start__ = .
                0x20000000                _sdata = __data_start__
 *(vtable)
 *(.data*)
 .data          0x20000000       0x10 ..\obj\stm32f4xx_rcc.o
 .data.impure_data
                0x20000010      0x428 c:/coocox-data/gcc-arm-none-eabi-5_4-2016q3-20160926-win32/bin/../lib/gcc/arm-none-eabi/5.4.1/../../../../arm-none-eabi/lib/armv7e-m\libg.a(lib_a-impure.o)
 .data._impure_ptr
                0x20000438        0x4 c:/coocox-data/gcc-arm-none-eabi-5_4-2016q3-20160926-win32/bin/../lib/gcc/arm-none-eabi/5.4.1/../../../../arm-none-eabi/lib/armv7e-m\libg.a(lib_a-impure.o)
                0x20000438                _impure_ptr
 .data.__global_locale
                0x2000043c      0x16c c:/coocox-data/gcc-arm-none-eabi-5_4-2016q3-20160926-win32/bin/../lib/gcc/arm-none-eabi/5.4.1/../../../../arm-none-eabi/lib/armv7e-m\libg.a(lib_a-locale.o)
                0x2000043c                __global_locale
 .data.__malloc_av_
                0x200005a8      0x408 c:/coocox-data/gcc-arm-none-eabi-5_4-2016q3-20160926-win32/bin/../lib/gcc/arm-none-eabi/5.4.1/../../../../arm-none-eabi/lib/armv7e-m\libg.a(lib_a-mallocr.o)
                0x200005a8                __malloc_av_
 .data.__malloc_trim_threshold
                0x200009b0        0x4 c:/coocox-data/gcc-arm-none-eabi-5_4-2016q3-20160926-win32/bin/../lib/gcc/arm-none-eabi/5.4.1/../../../../arm-none-eabi/lib/armv7e-m\libg.a(lib_a-mallocr.o)
                0x200009b0                __malloc_trim_threshold
 .data.__malloc_sbrk_base
                0x200009b4        0x4 c:/coocox-data/gcc-arm-none-eabi-5_4-2016q3-20160926-win32/bin/../lib/gcc/arm-none-eabi/5.4.1/../../../../arm-none-eabi/lib/armv7e-m\libg.a(lib_a-mallocr.o)
                0x200009b4                __malloc_sbrk_base
                0x200009b8                . = ALIGN (0x4)
                [!provide]                PROVIDE (__preinit_array_start, .)
 *(.preinit_array)
                [!provide]                PROVIDE (__preinit_array_end, .)
                0x200009b8                . = ALIGN (0x4)
                [!provide]                PROVIDE (__init_array_start, .)
 *(SORT(.init_array.*))
 *(.init_array)
                [!provide]                PROVIDE (__init_array_end, .)
                0x200009b8                . = ALIGN (0x4)
                [!provide]                PROVIDE (__fini_array_start, .)
 *(SORT(.fini_array.*))
 *(.fini_array)
                [!provide]                PROVIDE (__fini_array_end, .)
 *(.jcr*)
                0x200009b8                . = ALIGN (0x4)
                0x200009b8                __data_end__ = .
                0x200009b8                _edata = __data_end__

.igot.plt       0x200009b8        0x0 load address 0x080079d8
 .igot.plt      0x200009b8        0x0 ..\obj\stm32f4xx_usart.o

.bss            0x200009b8      0x440 load address 0x080079d8
                0x200009b8                . = ALIGN (0x4)
                0x200009b8                __bss_start__ = .
                0x200009b8                _sbss = __bss_start__
 *(.bss*)
 .bss           0x200009b8       0x20 ..\obj\main.o
                0x200009b8                rxEmpty
                0x200009bc                rxBusy
                0x200009c0                txEmpty
                0x200009c4                txBusy
                0x200009c8                frame_position
                0x200009cc                ordinary_number
                0x200009cd                protocol_status2
                0x200009d0                protocol_timer
                0x200009d4                led_array_pointer
 .bss           0x200009d8        0x4 ..\obj\syscalls.o
 .bss.__malloc_max_total_mem
                0x200009dc        0x4 c:/coocox-data/gcc-arm-none-eabi-5_4-2016q3-20160926-win32/bin/../lib/gcc/arm-none-eabi/5.4.1/../../../../arm-none-eabi/lib/armv7e-m\libg.a(lib_a-mallocr.o)
                0x200009dc                __malloc_max_total_mem
 .bss.__malloc_max_sbrked_mem
                0x200009e0        0x4 c:/coocox-data/gcc-arm-none-eabi-5_4-2016q3-20160926-win32/bin/../lib/gcc/arm-none-eabi/5.4.1/../../../../arm-none-eabi/lib/armv7e-m\libg.a(lib_a-mallocr.o)
                0x200009e0                __malloc_max_sbrked_mem
 .bss.__malloc_top_pad
                0x200009e4        0x4 c:/coocox-data/gcc-arm-none-eabi-5_4-2016q3-20160926-win32/bin/../lib/gcc/arm-none-eabi/5.4.1/../../../../arm-none-eabi/lib/armv7e-m\libg.a(lib_a-mallocr.o)
                0x200009e4                __malloc_top_pad
 .bss.__malloc_current_mallinfo
                0x200009e8       0x28 c:/coocox-data/gcc-arm-none-eabi-5_4-2016q3-20160926-win32/bin/../lib/gcc/arm-none-eabi/5.4.1/../../../../arm-none-eabi/lib/armv7e-m\libg.a(lib_a-mallocr.o)
                0x200009e8                __malloc_current_mallinfo
 *(COMMON)
 COMMON         0x20000a10      0x3e4 ..\obj\main.o
                0x20000a10                fBuff
                0x20000a30                received_buffer
                0x20000ab0                pos
                0x20000ab4                ledmax
                0x20000ab8                TIMER_BUF
                0x20000cc8                dma_status
                0x20000ccc                send_buffer
                0x20000d4c                channel
                0x20000d50                frame
                0x20000db4                str
                0x20000dd4                LED_BUF
                0x20000dec                led_array
 COMMON         0x20000df4        0x4 c:/coocox-data/gcc-arm-none-eabi-5_4-2016q3-20160926-win32/bin/../lib/gcc/arm-none-eabi/5.4.1/../../../../arm-none-eabi/lib/armv7e-m\libg.a(lib_a-reent.o)
                0x20000df4                errno
                0x20000df8                . = ALIGN (0x4)
                0x20000df8                __bss_end__ = .
                0x20000df8                _ebss = __bss_end__

.heap           0x20000df8        0x0
                0x20000df8                __end__ = .
                0x20000df8                _end = __end__
                0x20000df8                end = __end__
 *(.heap*)
                0x20000df8                __HeapLimit = .

.co_stack       0x20000df8      0x800 load address 0x08007e18
                0x20000df8                . = ALIGN (0x8)
 *(.co_stack .co_stack.*)
 .co_stack      0x20000df8      0x800 ..\obj\startup_stm32f4xx.o
                0x20000df8                pulStack
                0x20020000                __StackTop = (ORIGIN (ram) + LENGTH (ram))
                0x2001f800                __StackLimit = (__StackTop - SIZEOF (.co_stack))
                [!provide]                PROVIDE (__stack, __StackTop)
                0x00000001                ASSERT ((__StackLimit >= __HeapLimit), region ram  overflowed with stack)
LOAD ..\obj\stm32f4xx_usart.o
LOAD ..\obj\startup_stm32f4xx.o
LOAD ..\obj\main.o
LOAD ..\obj\stm32f4xx_rcc.o
LOAD ..\obj\stm32f4xx_gpio.o
LOAD ..\obj\system_stm32f4xx.o
LOAD ..\obj\syscalls.o
LOAD ..\obj\stm32f4xx_dma.o
LOAD ..\obj\misc.o
LOAD ..\obj\stm32f4xx_tim.o
START GROUP
LOAD c:/coocox-data/gcc-arm-none-eabi-5_4-2016q3-20160926-win32/bin/../lib/gcc/arm-none-eabi/5.4.1/armv7e-m\libgcc.a
LOAD c:/coocox-data/gcc-arm-none-eabi-5_4-2016q3-20160926-win32/bin/../lib/gcc/arm-none-eabi/5.4.1/../../../../arm-none-eabi/lib/armv7e-m\libg.a
LOAD c:/coocox-data/gcc-arm-none-eabi-5_4-2016q3-20160926-win32/bin/../lib/gcc/arm-none-eabi/5.4.1/../../../../arm-none-eabi/lib/armv7e-m\libc.a
END GROUP
OUTPUT(uklady_cyfrowe_i_mikroprocesory_projekt_ws2812.elf elf32-littlearm)

.debug_info     0x00000000     0x640a
 .debug_info    0x00000000      0x9ca ..\obj\stm32f4xx_usart.o
 .debug_info    0x000009ca       0xf2 ..\obj\startup_stm32f4xx.o
 .debug_info    0x00000abc     0x13b4 ..\obj\main.o
 .debug_info    0x00001e70      0xc63 ..\obj\stm32f4xx_rcc.o
 .debug_info    0x00002ad3      0x61a ..\obj\stm32f4xx_gpio.o
 .debug_info    0x000030ed      0x5c5 ..\obj\system_stm32f4xx.o
 .debug_info    0x000036b2      0x458 ..\obj\syscalls.o
 .debug_info    0x00003b0a      0x741 ..\obj\stm32f4xx_dma.o
 .debug_info    0x0000424b      0x556 ..\obj\misc.o
 .debug_info    0x000047a1     0x1c69 ..\obj\stm32f4xx_tim.o

.debug_abbrev   0x00000000      0xea1
 .debug_abbrev  0x00000000      0x157 ..\obj\stm32f4xx_usart.o
 .debug_abbrev  0x00000157       0xb0 ..\obj\startup_stm32f4xx.o
 .debug_abbrev  0x00000207      0x2ca ..\obj\main.o
 .debug_abbrev  0x000004d1      0x1e5 ..\obj\stm32f4xx_rcc.o
 .debug_abbrev  0x000006b6      0x1a7 ..\obj\stm32f4xx_gpio.o
 .debug_abbrev  0x0000085d      0x138 ..\obj\system_stm32f4xx.o
 .debug_abbrev  0x00000995       0xe5 ..\obj\syscalls.o
 .debug_abbrev  0x00000a7a      0x157 ..\obj\stm32f4xx_dma.o
 .debug_abbrev  0x00000bd1      0x147 ..\obj\misc.o
 .debug_abbrev  0x00000d18      0x189 ..\obj\stm32f4xx_tim.o

.debug_aranges  0x00000000      0x8f8
 .debug_aranges
                0x00000000      0x100 ..\obj\stm32f4xx_usart.o
 .debug_aranges
                0x00000100       0x28 ..\obj\startup_stm32f4xx.o
 .debug_aranges
                0x00000128      0x158 ..\obj\main.o
 .debug_aranges
                0x00000280      0x178 ..\obj\stm32f4xx_rcc.o
 .debug_aranges
                0x000003f8       0x88 ..\obj\stm32f4xx_gpio.o
 .debug_aranges
                0x00000480       0x30 ..\obj\system_stm32f4xx.o
 .debug_aranges
                0x000004b0       0x60 ..\obj\syscalls.o
 .debug_aranges
                0x00000510       0xb0 ..\obj\stm32f4xx_dma.o
 .debug_aranges
                0x000005c0       0x40 ..\obj\misc.o
 .debug_aranges
                0x00000600      0x2f8 ..\obj\stm32f4xx_tim.o

.debug_ranges   0x00000000      0x858
 .debug_ranges  0x00000000       0xf0 ..\obj\stm32f4xx_usart.o
 .debug_ranges  0x000000f0       0x18 ..\obj\startup_stm32f4xx.o
 .debug_ranges  0x00000108      0x148 ..\obj\main.o
 .debug_ranges  0x00000250      0x168 ..\obj\stm32f4xx_rcc.o
 .debug_ranges  0x000003b8       0x78 ..\obj\stm32f4xx_gpio.o
 .debug_ranges  0x00000430       0x20 ..\obj\system_stm32f4xx.o
 .debug_ranges  0x00000450       0x50 ..\obj\syscalls.o
 .debug_ranges  0x000004a0       0xa0 ..\obj\stm32f4xx_dma.o
 .debug_ranges  0x00000540       0x30 ..\obj\misc.o
 .debug_ranges  0x00000570      0x2e8 ..\obj\stm32f4xx_tim.o

.debug_line     0x00000000     0x3236
 .debug_line    0x00000000      0x561 ..\obj\stm32f4xx_usart.o
 .debug_line    0x00000561       0xc3 ..\obj\startup_stm32f4xx.o
 .debug_line    0x00000624      0xa3e ..\obj\main.o
 .debug_line    0x00001062      0x64d ..\obj\stm32f4xx_rcc.o
 .debug_line    0x000016af      0x408 ..\obj\stm32f4xx_gpio.o
 .debug_line    0x00001ab7      0x248 ..\obj\system_stm32f4xx.o
 .debug_line    0x00001cff      0x216 ..\obj\syscalls.o
 .debug_line    0x00001f15      0x4d2 ..\obj\stm32f4xx_dma.o
 .debug_line    0x000023e7      0x2e6 ..\obj\misc.o
 .debug_line    0x000026cd      0xb69 ..\obj\stm32f4xx_tim.o

.debug_str      0x00000000     0x2e9a
 .debug_str     0x00000000      0x635 ..\obj\stm32f4xx_usart.o
                                0x6b0 (size before relaxing)
 .debug_str     0x00000635       0xd1 ..\obj\startup_stm32f4xx.o
                                0x168 (size before relaxing)
 .debug_str     0x00000706      0xecb ..\obj\main.o
                               0x1162 (size before relaxing)
 .debug_str     0x000015d1      0x604 ..\obj\stm32f4xx_rcc.o
                                0x871 (size before relaxing)
 .debug_str     0x00001bd5      0x1c4 ..\obj\stm32f4xx_gpio.o
                                0x4c4 (size before relaxing)
 .debug_str     0x00001d99      0x129 ..\obj\system_stm32f4xx.o
                                0x3cb (size before relaxing)
 .debug_str     0x00001ec2      0x1a2 ..\obj\syscalls.o
                                0x39f (size before relaxing)
 .debug_str     0x00002064      0x295 ..\obj\stm32f4xx_dma.o
                                0x563 (size before relaxing)
 .debug_str     0x000022f9      0x182 ..\obj\misc.o
                                0x3ef (size before relaxing)
 .debug_str     0x0000247b      0xa1f ..\obj\stm32f4xx_tim.o
                                0xdf1 (size before relaxing)

.comment        0x00000000       0x6e
 .comment       0x00000000       0x6e ..\obj\stm32f4xx_usart.o
                                 0x6f (size before relaxing)
 .comment       0x0000006e       0x6f ..\obj\startup_stm32f4xx.o
 .comment       0x0000006e       0x6f ..\obj\main.o
 .comment       0x0000006e       0x6f ..\obj\stm32f4xx_rcc.o
 .comment       0x0000006e       0x6f ..\obj\stm32f4xx_gpio.o
 .comment       0x0000006e       0x6f ..\obj\system_stm32f4xx.o
 .comment       0x0000006e       0x6f ..\obj\syscalls.o
 .comment       0x0000006e       0x6f ..\obj\stm32f4xx_dma.o
 .comment       0x0000006e       0x6f ..\obj\misc.o
 .comment       0x0000006e       0x6f ..\obj\stm32f4xx_tim.o

.ARM.attributes
                0x00000000       0x31
 .ARM.attributes
                0x00000000       0x33 ..\obj\stm32f4xx_usart.o
 .ARM.attributes
                0x00000033       0x33 ..\obj\startup_stm32f4xx.o
 .ARM.attributes
                0x00000066       0x33 ..\obj\main.o
 .ARM.attributes
                0x00000099       0x33 ..\obj\stm32f4xx_rcc.o
 .ARM.attributes
                0x000000cc       0x33 ..\obj\stm32f4xx_gpio.o
 .ARM.attributes
                0x000000ff       0x33 ..\obj\system_stm32f4xx.o
 .ARM.attributes
                0x00000132       0x33 ..\obj\syscalls.o
 .ARM.attributes
                0x00000165       0x33 ..\obj\stm32f4xx_dma.o
 .ARM.attributes
                0x00000198       0x33 ..\obj\misc.o
 .ARM.attributes
                0x000001cb       0x33 ..\obj\stm32f4xx_tim.o
 .ARM.attributes
                0x000001fe       0x1c c:/coocox-data/gcc-arm-none-eabi-5_4-2016q3-20160926-win32/bin/../lib/gcc/arm-none-eabi/5.4.1/../../../../arm-none-eabi/lib/armv7e-m\libg.a(lib_a-strlen.o)
 .ARM.attributes
                0x0000021a       0x2e c:/coocox-data/gcc-arm-none-eabi-5_4-2016q3-20160926-win32/bin/../lib/gcc/arm-none-eabi/5.4.1/../../../../arm-none-eabi/lib/armv7e-m\libg.a(lib_a-vsprintf.o)
 .ARM.attributes
                0x00000248       0x2e c:/coocox-data/gcc-arm-none-eabi-5_4-2016q3-20160926-win32/bin/../lib/gcc/arm-none-eabi/5.4.1/../../../../arm-none-eabi/lib/armv7e-m\libg.a(lib_a-impure.o)
 .ARM.attributes
                0x00000276       0x2e c:/coocox-data/gcc-arm-none-eabi-5_4-2016q3-20160926-win32/bin/../lib/gcc/arm-none-eabi/5.4.1/../../../../arm-none-eabi/lib/armv7e-m\libg.a(lib_a-locale.o)
 .ARM.attributes
                0x000002a4       0x2e c:/coocox-data/gcc-arm-none-eabi-5_4-2016q3-20160926-win32/bin/../lib/gcc/arm-none-eabi/5.4.1/../../../../arm-none-eabi/lib/armv7e-m\libg.a(lib_a-mbtowc_r.o)
 .ARM.attributes
                0x000002d2       0x2e c:/coocox-data/gcc-arm-none-eabi-5_4-2016q3-20160926-win32/bin/../lib/gcc/arm-none-eabi/5.4.1/../../../../arm-none-eabi/lib/armv7e-m\libg.a(lib_a-svfprintf.o)
 .ARM.attributes
                0x00000300       0x2e c:/coocox-data/gcc-arm-none-eabi-5_4-2016q3-20160926-win32/bin/../lib/gcc/arm-none-eabi/5.4.1/../../../../arm-none-eabi/lib/armv7e-m\libg.a(lib_a-wctomb_r.o)
 .ARM.attributes
                0x0000032e       0x2e c:/coocox-data/gcc-arm-none-eabi-5_4-2016q3-20160926-win32/bin/../lib/gcc/arm-none-eabi/5.4.1/../../../../arm-none-eabi/lib/armv7e-m\libg.a(lib_a-ctype_.o)
 .ARM.attributes
                0x0000035c       0x2e c:/coocox-data/gcc-arm-none-eabi-5_4-2016q3-20160926-win32/bin/../lib/gcc/arm-none-eabi/5.4.1/../../../../arm-none-eabi/lib/armv7e-m\libg.a(lib_a-dtoa.o)
 .ARM.attributes
                0x0000038a       0x2e c:/coocox-data/gcc-arm-none-eabi-5_4-2016q3-20160926-win32/bin/../lib/gcc/arm-none-eabi/5.4.1/../../../../arm-none-eabi/lib/armv7e-m\libg.a(lib_a-localeconv.o)
 .ARM.attributes
                0x000003b8       0x2e c:/coocox-data/gcc-arm-none-eabi-5_4-2016q3-20160926-win32/bin/../lib/gcc/arm-none-eabi/5.4.1/../../../../arm-none-eabi/lib/armv7e-m\libg.a(lib_a-mallocr.o)
 .ARM.attributes
                0x000003e6       0x1c c:/coocox-data/gcc-arm-none-eabi-5_4-2016q3-20160926-win32/bin/../lib/gcc/arm-none-eabi/5.4.1/../../../../arm-none-eabi/lib/armv7e-m\libg.a(lib_a-memchr.o)
 .ARM.attributes
                0x00000402       0x1c c:/coocox-data/gcc-arm-none-eabi-5_4-2016q3-20160926-win32/bin/../lib/gcc/arm-none-eabi/5.4.1/../../../../arm-none-eabi/lib/armv7e-m\libg.a(lib_a-memcpy.o)
 .ARM.attributes
                0x0000041e       0x2e c:/coocox-data/gcc-arm-none-eabi-5_4-2016q3-20160926-win32/bin/../lib/gcc/arm-none-eabi/5.4.1/../../../../arm-none-eabi/lib/armv7e-m\libg.a(lib_a-mlock.o)
 .ARM.attributes
                0x0000044c       0x2e c:/coocox-data/gcc-arm-none-eabi-5_4-2016q3-20160926-win32/bin/../lib/gcc/arm-none-eabi/5.4.1/../../../../arm-none-eabi/lib/armv7e-m\libg.a(lib_a-mprec.o)
 .ARM.attributes
                0x0000047a       0x2e c:/coocox-data/gcc-arm-none-eabi-5_4-2016q3-20160926-win32/bin/../lib/gcc/arm-none-eabi/5.4.1/../../../../arm-none-eabi/lib/armv7e-m\libg.a(lib_a-sbrkr.o)
 .ARM.attributes
                0x000004a8       0x2e c:/coocox-data/gcc-arm-none-eabi-5_4-2016q3-20160926-win32/bin/../lib/gcc/arm-none-eabi/5.4.1/../../../../arm-none-eabi/lib/armv7e-m\libg.a(lib_a-svfiprintf.o)
 .ARM.attributes
                0x000004d6       0x2e c:/coocox-data/gcc-arm-none-eabi-5_4-2016q3-20160926-win32/bin/../lib/gcc/arm-none-eabi/5.4.1/../../../../arm-none-eabi/lib/armv7e-m\libg.a(lib_a-callocr.o)
 .ARM.attributes
                0x00000504       0x2e c:/coocox-data/gcc-arm-none-eabi-5_4-2016q3-20160926-win32/bin/../lib/gcc/arm-none-eabi/5.4.1/../../../../arm-none-eabi/lib/armv7e-m\libg.a(lib_a-freer.o)
 .ARM.attributes
                0x00000532       0x2e c:/coocox-data/gcc-arm-none-eabi-5_4-2016q3-20160926-win32/bin/../lib/gcc/arm-none-eabi/5.4.1/../../../../arm-none-eabi/lib/armv7e-m\libg.a(lib_a-memmove.o)
 .ARM.attributes
                0x00000560       0x2e c:/coocox-data/gcc-arm-none-eabi-5_4-2016q3-20160926-win32/bin/../lib/gcc/arm-none-eabi/5.4.1/../../../../arm-none-eabi/lib/armv7e-m\libg.a(lib_a-memset.o)
 .ARM.attributes
                0x0000058e       0x2e c:/coocox-data/gcc-arm-none-eabi-5_4-2016q3-20160926-win32/bin/../lib/gcc/arm-none-eabi/5.4.1/../../../../arm-none-eabi/lib/armv7e-m\libg.a(lib_a-reallocr.o)
 .ARM.attributes
                0x000005bc       0x2e c:/coocox-data/gcc-arm-none-eabi-5_4-2016q3-20160926-win32/bin/../lib/gcc/arm-none-eabi/5.4.1/../../../../arm-none-eabi/lib/armv7e-m\libg.a(lib_a-reent.o)
 .ARM.attributes
                0x000005ea       0x1e c:/coocox-data/gcc-arm-none-eabi-5_4-2016q3-20160926-win32/bin/../lib/gcc/arm-none-eabi/5.4.1/armv7e-m\libgcc.a(_arm_addsubdf3.o)
 .ARM.attributes
                0x00000608       0x1e c:/coocox-data/gcc-arm-none-eabi-5_4-2016q3-20160926-win32/bin/../lib/gcc/arm-none-eabi/5.4.1/armv7e-m\libgcc.a(_arm_muldivdf3.o)
 .ARM.attributes
                0x00000626       0x1e c:/coocox-data/gcc-arm-none-eabi-5_4-2016q3-20160926-win32/bin/../lib/gcc/arm-none-eabi/5.4.1/armv7e-m\libgcc.a(_arm_cmpdf2.o)
 .ARM.attributes
                0x00000644       0x1e c:/coocox-data/gcc-arm-none-eabi-5_4-2016q3-20160926-win32/bin/../lib/gcc/arm-none-eabi/5.4.1/armv7e-m\libgcc.a(_arm_unorddf2.o)
 .ARM.attributes
                0x00000662       0x1e c:/coocox-data/gcc-arm-none-eabi-5_4-2016q3-20160926-win32/bin/../lib/gcc/arm-none-eabi/5.4.1/armv7e-m\libgcc.a(_arm_fixdfsi.o)
 .ARM.attributes
                0x00000680       0x1e c:/coocox-data/gcc-arm-none-eabi-5_4-2016q3-20160926-win32/bin/../lib/gcc/arm-none-eabi/5.4.1/armv7e-m\libgcc.a(_aeabi_uldivmod.o)
 .ARM.attributes
                0x0000069e       0x2e c:/coocox-data/gcc-arm-none-eabi-5_4-2016q3-20160926-win32/bin/../lib/gcc/arm-none-eabi/5.4.1/armv7e-m\libgcc.a(_udivmoddi4.o)
 .ARM.attributes
                0x000006cc       0x1e c:/coocox-data/gcc-arm-none-eabi-5_4-2016q3-20160926-win32/bin/../lib/gcc/arm-none-eabi/5.4.1/armv7e-m\libgcc.a(_dvmd_tls.o)

.debug_frame    0x00000000     0x2fac
 .debug_frame   0x00000000      0x490 ..\obj\stm32f4xx_usart.o
 .debug_frame   0x00000490       0x4c ..\obj\startup_stm32f4xx.o
 .debug_frame   0x000004dc      0x598 ..\obj\main.o
 .debug_frame   0x00000a74      0x6d4 ..\obj\stm32f4xx_rcc.o
 .debug_frame   0x00001148      0x23c ..\obj\stm32f4xx_gpio.o
 .debug_frame   0x00001384       0x7c ..\obj\system_stm32f4xx.o
 .debug_frame   0x00001400      0x168 ..\obj\syscalls.o
 .debug_frame   0x00001568      0x308 ..\obj\stm32f4xx_dma.o
 .debug_frame   0x00001870       0xd8 ..\obj\misc.o
 .debug_frame   0x00001948      0xe54 ..\obj\stm32f4xx_tim.o
 .debug_frame   0x0000279c       0x50 c:/coocox-data/gcc-arm-none-eabi-5_4-2016q3-20160926-win32/bin/../lib/gcc/arm-none-eabi/5.4.1/../../../../arm-none-eabi/lib/armv7e-m\libg.a(lib_a-vsprintf.o)
 .debug_frame   0x000027ec       0x84 c:/coocox-data/gcc-arm-none-eabi-5_4-2016q3-20160926-win32/bin/../lib/gcc/arm-none-eabi/5.4.1/../../../../arm-none-eabi/lib/armv7e-m\libg.a(lib_a-locale.o)
 .debug_frame   0x00002870       0x4c c:/coocox-data/gcc-arm-none-eabi-5_4-2016q3-20160926-win32/bin/../lib/gcc/arm-none-eabi/5.4.1/../../../../arm-none-eabi/lib/armv7e-m\libg.a(lib_a-mbtowc_r.o)
 .debug_frame   0x000028bc       0x44 c:/coocox-data/gcc-arm-none-eabi-5_4-2016q3-20160926-win32/bin/../lib/gcc/arm-none-eabi/5.4.1/../../../../arm-none-eabi/lib/armv7e-m\libg.a(lib_a-svfprintf.o)
 .debug_frame   0x00002900       0x3c c:/coocox-data/gcc-arm-none-eabi-5_4-2016q3-20160926-win32/bin/../lib/gcc/arm-none-eabi/5.4.1/../../../../arm-none-eabi/lib/armv7e-m\libg.a(lib_a-wctomb_r.o)
 .debug_frame   0x0000293c       0x88 c:/coocox-data/gcc-arm-none-eabi-5_4-2016q3-20160926-win32/bin/../lib/gcc/arm-none-eabi/5.4.1/../../../../arm-none-eabi/lib/armv7e-m\libg.a(lib_a-dtoa.o)
 .debug_frame   0x000029c4       0x40 c:/coocox-data/gcc-arm-none-eabi-5_4-2016q3-20160926-win32/bin/../lib/gcc/arm-none-eabi/5.4.1/../../../../arm-none-eabi/lib/armv7e-m\libg.a(lib_a-localeconv.o)
 .debug_frame   0x00002a04       0x58 c:/coocox-data/gcc-arm-none-eabi-5_4-2016q3-20160926-win32/bin/../lib/gcc/arm-none-eabi/5.4.1/../../../../arm-none-eabi/lib/armv7e-m\libg.a(lib_a-mallocr.o)
 .debug_frame   0x00002a5c       0x30 c:/coocox-data/gcc-arm-none-eabi-5_4-2016q3-20160926-win32/bin/../lib/gcc/arm-none-eabi/5.4.1/../../../../arm-none-eabi/lib/armv7e-m\libg.a(lib_a-mlock.o)
 .debug_frame   0x00002a8c      0x264 c:/coocox-data/gcc-arm-none-eabi-5_4-2016q3-20160926-win32/bin/../lib/gcc/arm-none-eabi/5.4.1/../../../../arm-none-eabi/lib/armv7e-m\libg.a(lib_a-mprec.o)
 .debug_frame   0x00002cf0       0x2c c:/coocox-data/gcc-arm-none-eabi-5_4-2016q3-20160926-win32/bin/../lib/gcc/arm-none-eabi/5.4.1/../../../../arm-none-eabi/lib/armv7e-m\libg.a(lib_a-sbrkr.o)
 .debug_frame   0x00002d1c       0x78 c:/coocox-data/gcc-arm-none-eabi-5_4-2016q3-20160926-win32/bin/../lib/gcc/arm-none-eabi/5.4.1/../../../../arm-none-eabi/lib/armv7e-m\libg.a(lib_a-svfiprintf.o)
 .debug_frame   0x00002d94       0x28 c:/coocox-data/gcc-arm-none-eabi-5_4-2016q3-20160926-win32/bin/../lib/gcc/arm-none-eabi/5.4.1/../../../../arm-none-eabi/lib/armv7e-m\libg.a(lib_a-callocr.o)
 .debug_frame   0x00002dbc       0x74 c:/coocox-data/gcc-arm-none-eabi-5_4-2016q3-20160926-win32/bin/../lib/gcc/arm-none-eabi/5.4.1/../../../../arm-none-eabi/lib/armv7e-m\libg.a(lib_a-freer.o)
 .debug_frame   0x00002e30       0x30 c:/coocox-data/gcc-arm-none-eabi-5_4-2016q3-20160926-win32/bin/../lib/gcc/arm-none-eabi/5.4.1/../../../../arm-none-eabi/lib/armv7e-m\libg.a(lib_a-memmove.o)
 .debug_frame   0x00002e60       0x34 c:/coocox-data/gcc-arm-none-eabi-5_4-2016q3-20160926-win32/bin/../lib/gcc/arm-none-eabi/5.4.1/../../../../arm-none-eabi/lib/armv7e-m\libg.a(lib_a-memset.o)
 .debug_frame   0x00002e94       0x60 c:/coocox-data/gcc-arm-none-eabi-5_4-2016q3-20160926-win32/bin/../lib/gcc/arm-none-eabi/5.4.1/../../../../arm-none-eabi/lib/armv7e-m\libg.a(lib_a-reallocr.o)
 .debug_frame   0x00002ef4       0x58 c:/coocox-data/gcc-arm-none-eabi-5_4-2016q3-20160926-win32/bin/../lib/gcc/arm-none-eabi/5.4.1/../../../../arm-none-eabi/lib/armv7e-m\libg.a(lib_a-reent.o)
 .debug_frame   0x00002f4c       0x2c c:/coocox-data/gcc-arm-none-eabi-5_4-2016q3-20160926-win32/bin/../lib/gcc/arm-none-eabi/5.4.1/armv7e-m\libgcc.a(_aeabi_uldivmod.o)
 .debug_frame   0x00002f78       0x34 c:/coocox-data/gcc-arm-none-eabi-5_4-2016q3-20160926-win32/bin/../lib/gcc/arm-none-eabi/5.4.1/armv7e-m\libgcc.a(_udivmoddi4.o)
